// Source		Destination
ara(qwerty)		ara(basic)	// Delete in 2028.
ara(qwerty_digits)	ara(digits)	// Delete in 2028.
ara(uga)		ancient(uga)	// Delete in 2028.
ben			in(ben)
ben(basic)		in(ben)
ben(probhat)		in(ben_probhat)
de(lld)			it(lldde)	// Delete in 2028.
dev			in(deva)
dev(basic)		in(deva)
fi(basic)		fi(classic)
gr(extended)		gr(basic)	// Delete in 2028.
guj			in(guj)
guj(basic)		in(guj)
gur			in(guru)
gur(basic)		in(guru)
in(urd)			in(urd-phonetic)
in(eeyek)		in(mni)		// Delete in 2028.
in(olck)		in(sat)		// Delete in 2028.
ir(ave)			ancient(ave)	// Delete in 2028.
kan			in(kan)
kan(basic)		in(kan)
mal			in(mal)
mal(basic)		in(mal)
mao			nz(mao)		// Delete in 2028.
mao(basic)		nz(mao)		// Delete in 2028.
ogham			ie(ogam)
ogham(basic)		ie(ogam)
ogham(is434)		ie(ogam_is434)
ori			in(ori)
ori(basic)		in(ori)
pk(urd)			pk(urd-phonetic)
ro(de)			ro(winkeys)
ro(us)			ro(std)
ro(academic)		ro(std)
ro(std_comma)		ro(std)
ro(comma)		ro(basic)
ru(os)			ru(os_legacy)
syr			sy(syc)
syr(basic)		sy(syc)
syr(phonetic)		sy(syc_phonetic)
tel			in(tel)
tel(basic)		in(tel)
tml			in(tam)
us_intl			us(alt-intl)
