amiga		xfree68_vndr/amiga(usa1)	*			%l[%i]%(v[%i])
applealu_jis	macintosh_vndr/apple(alukbd)	jp			macintosh_vndr/jp(mac)		macintosh_vndr/jp(usmac)+macintosh_vndr/jp(mac):2
applealu_jis	macintosh_vndr/apple(alukbd)	us			macintosh_vndr/jp(usmac)
applealu_iso	macintosh_vndr/apple(alukbd)	us			macintosh_vndr/us(applealu_iso)
$applealu	macintosh_vndr/apple(alukbd)	$macvendorlayouts	macintosh_vndr/%l[%i]
$applealu	macintosh_vndr/apple(alukbd)	ch($mac_ch_variants)	macintosh_vndr/%l[%i]%(v[%i])
$applealu	macintosh_vndr/apple(alukbd)	de($mac_de_variants)	macintosh_vndr/%l[%i]%(v[%i])
$applealu	macintosh_vndr/apple(alukbd)	dk($mac_dk_variants)	macintosh_vndr/%l[%i]%(v[%i])
$applealu	macintosh_vndr/apple(alukbd)	fi(nodeadkeys)		macintosh_vndr/%l[%i]%(v[%i])
$applealu	macintosh_vndr/apple(alukbd)	fr(nodeadkeys)		macintosh_vndr/%l[%i]%(v[%i])
$applealu	macintosh_vndr/apple(alukbd)	is(nodeadkeys)		macintosh_vndr/%l[%i]%(v[%i])
$applealu	macintosh_vndr/apple(alukbd)	jp(mac)			macintosh_vndr/%l[%i]%(v[%i])
$applealu	macintosh_vndr/apple(alukbd)	no(nodeadkeys)		macintosh_vndr/%l[%i]%(v[%i])
$applealu	macintosh_vndr/apple(alukbd)	pt($mac_pt_variants)	macintosh_vndr/%l[%i]%(v[%i])
$applealu	macintosh_vndr/apple(alukbd)	se(nodeadkeys)		macintosh_vndr/%l[%i]%(v[%i])
$applealu	macintosh_vndr/apple(alukbd)	$macvendorlayouts(*)	%l[%i]%(v[%i])
$applealu	macintosh_vndr/apple(alukbd)	*			%l[%i]%(v[%i])
ataritt	 	xfree68_vndr/ataritt(us)	*			%l[%i]%(v[%i])
blackberry-key2	pc				us		        blackberry_vndr/key2/us
jollasbj	jolla_vndr/sbj(common)		*			%l[%i]%(v[%i])
$olpc		olpc				$olpclayouts		%l[%i]%(m)
$olpc		olpc				*			%l[%i]%(v[%i])
pc98		nec_vndr/jp(pc98)		jp			nec_vndr/jp(jp)			nec_vndr/jp(jp):2
pc98		nec_vndr/jp(pc98)		*			%l[%i]%(v[%i])
$sharp		pc				*			sharp_vndr/%m(basic)
$sun		pc				$sun_custom		sun_vndr/%l[%i]
$sun		pc				$sun_custom($sun_var)	sun_vndr/%l[%i]%(v[%i])
$sun		pc				$sun_custom(*)		%l[%i]%(v[%i])
$thinkpads	pc				br			br(thinkpad)
